
> simulai@1.0.0 build
> next build

   Ôû▓ Next.js 16.0.8 (Turbopack)
   - Environments: .env.local

node.exe :  ÔÜá The "middleware" 
file convention is deprecated. 
Please use "proxy" instead. Learn 
more: https://nextjs.org/docs/message
s/middleware-to-proxy
No linha:1 caractere:1
+ & "C:\Program 
Files\nodejs/node.exe" "C:\Program 
Files\nodejs/node_mo ...
+ ~~~~~~~~~~~~~~~~~~~~~~~~~~~~~~~~~~~
~~~~~~~~~~~~~~~~~~~~~~~~~~~~~~~~~~
    + CategoryInfo          : NotSpe 
   cified: ( ÔÜá The "middl...lewar  
  e-to-proxy:String) [], RemoteExc   
 eption
    + FullyQualifiedErrorId : Native 
   CommandError
 
   Creating an optimized production build ...
 Ô£ô Compiled successfully in 14.8s
   Running TypeScript ...
   Collecting page data using 11 workers ...
   Generating static pages using 11 workers (0/30) ...
   Generating static pages using 11 workers (7/30) 
   Generating static pages using 11 workers (14/30) 
   Generating static pages using 11 workers (22/30) 
 Ô£ô Generating static pages using 11 workers (30/30) in 14.3s
   Finalizing page optimization ...

Route (app)
Ôöî Ôùï /
Ôö£ Ôùï /_not-found
Ôö£ ãÆ /api/attempts
Ôö£ ãÆ /api/attempts/[id]/results
Ôö£ ãÆ /api/attempts/[id]/submit
Ôö£ ãÆ /api/auth/user
Ôö£ ãÆ /api/exams
Ôö£ ãÆ /api/exams/[id]
Ôö£ ãÆ /api/materials
Ôö£ ãÆ /api/materials/[id]
Ôö£ ãÆ /api/performance
Ôö£ ãÆ /api/questions/generate
Ôö£ ãÆ /api/recommendations
Ôö£ ãÆ /api/recommendations/[id]/read
Ôö£ ãÆ /api/recommendations/generate
Ôö£ ãÆ /api/stats
Ôö£ ãÆ /api/subjects
Ôö£ ãÆ /api/subscription/checkout
Ôö£ ãÆ /api/subscription/portal
Ôö£ ãÆ /api/webhooks/stripe
Ôö£ ãÆ /auth/callback
Ôö£ Ôùï /auth/login
Ôö£ Ôùï /auth/reset-password
Ôö£ Ôùï /auth/signup
Ôö£ Ôùï /auth/update-password
Ôö£ Ôùï /dashboard
Ôö£ Ôùï /exams
Ôö£ ãÆ /exams/[id]/results
Ôö£ ãÆ /exams/[id]/start
Ôö£ Ôùï /exams/new
Ôö£ Ôùï /materials
Ôö£ Ôùï /profile
Ôö£ Ôùï /recommendations
Ôö£ Ôùï /stats
Ôöö Ôùï /subscription


ãÆ Proxy (Middleware)

Ôùï  (Static)   prerendered as static content
ãÆ  (Dynamic)  server-rendered on demand

